MO Key_schedule NULL Key_schedule.v vlg49/_key__schedule.bin 1544136199
MO S_Box NULL S_Box.v vlg1B/_s___box.bin 1544136199
MO ShiftRows NULL ShiftRows.v vlg65/_shift_rows.bin 1544143324
MO MixCol NULL MixCol.v vlg04/_mix_col.bin 1544136199
MO AES NULL AES.v vlg05/_a_e_s.bin 1544136199
MO Round_key NULL Round_key.v vlg64/_round__key.bin 1544136199
